QA output created by 130
Formatting 'TEST_DIR/t.IMGFMT.orig', fmt=IMGFMT size=67108864
Formatting 'TEST_DIR/t.IMGFMT.base', fmt=IMGFMT size=67108864
Formatting 'TEST_DIR/t.IMGFMT', fmt=IMGFMT size=67108864
image: TEST_DIR/t.IMGFMT
file format: IMGFMT
virtual size: 64M (67108864 bytes)
cluster_size: 65536

=== Marking image dirty (lazy refcounts) ===

Formatting 'TEST_DIR/t.IMGFMT', fmt=IMGFMT size=67108864
wrote 4096/4096 bytes at offset 0
4 KiB, X ops; XX:XX:XX.X (XXX YYY/sec and XXX ops/sec)
image: TEST_DIR/t.IMGFMT
file format: IMGFMT
virtual size: 64M (67108864 bytes)
cluster_size: 65536
Formatting 'TEST_DIR/t.IMGFMT', fmt=IMGFMT size=67108864 backing_file='TEST_DIR/t.IMGFMT.orig' backing_fmt='raw'
wrote 4096/4096 bytes at offset 0
4 KiB, X ops; XX:XX:XX.X (XXX YYY/sec and XXX ops/sec)
image: TEST_DIR/t.IMGFMT
file format: IMGFMT
virtual size: 64M (67108864 bytes)
cluster_size: 65536
backing file: TEST_DIR/t.IMGFMT.orig
backing file format: raw
*** done
